\BOOKMARK [1][]{section.1}{\376\377\000I\000n\000t\000r\000o\000d\000u\000c\000t\000i\000o\000n}{}% 1
\BOOKMARK [2][]{subsection.1.1}{\376\377\000T\000h\000e\000\040\000O\000p\000e\000r\000a\000t\000i\000o\000n\000a\000l\000\040\000C\000h\000a\000l\000l\000e\000n\000g\000e\000\040\000i\000n\000\040\000M\000o\000d\000e\000r\000n\000\040\000D\000r\000o\000n\000e\000\040\000F\000l\000i\000g\000h\000t}{section.1}% 2
\BOOKMARK [2][]{subsection.1.2}{\376\377\000T\000h\000e\000\040\000D\000r\000o\000n\000e\000-\000N\0001\000\040\000P\000a\000r\000a\000d\000i\000g\000m\000\040\000S\000h\000i\000f\000t}{section.1}% 3
\BOOKMARK [2][]{subsection.1.3}{\376\377\000K\000e\000y\000\040\000T\000e\000c\000h\000n\000i\000c\000a\000l\000\040\000C\000o\000n\000t\000r\000i\000b\000u\000t\000i\000o\000n\000s}{section.1}% 4
\BOOKMARK [1][]{section.2}{\376\377\000S\000y\000s\000t\000e\000m\000\040\000A\000r\000c\000h\000i\000t\000e\000c\000t\000u\000r\000e\000\040\000\046\000\040\000S\000u\000b\000s\000y\000s\000t\000e\000m\000\040\000S\000p\000e\000c\000i\000f\000i\000c\000a\000t\000i\000o\000n}{}% 5
\BOOKMARK [2][]{subsection.2.1}{\376\377\000M\000i\000x\000e\000d\000-\000C\000r\000i\000t\000i\000c\000a\000l\000i\000t\000y\000\040\000R\000e\000a\000l\000-\000T\000i\000m\000e\000\040\000T\000a\000s\000k\000\040\000S\000c\000h\000e\000d\000u\000l\000e\000r}{section.2}% 6
\BOOKMARK [1][]{section.3}{\376\377\000S\000y\000s\000t\000e\000m\000a\000t\000i\000c\000\040\000M\000a\000t\000h\000e\000m\000a\000t\000i\000c\000a\000l\000\040\000M\000o\000d\000e\000l\000s\000\040\000\046\000\040\000C\000o\000g\000n\000i\000t\000i\000v\000e\000\040\000A\000l\000g\000o\000r\000i\000t\000h\000m\000s}{}% 7
\BOOKMARK [2][]{subsection.3.1}{\376\377\000M\000i\000s\000s\000i\000o\000n\000\040\000R\000e\000a\000s\000o\000n\000i\000n\000g\000\040\000O\000p\000t\000i\000m\000i\000z\000a\000t\000i\000o\000n\000\040\000M\000o\000d\000e\000l}{section.3}% 8
\BOOKMARK [2][]{subsection.3.2}{\376\377\000M\000u\000l\000t\000i\000-\000D\000i\000m\000e\000n\000s\000i\000o\000n\000a\000l\000\040\000R\000i\000s\000k\000\040\000M\000o\000d\000e\000l\000\040\000\046\000\040\000S\000u\000r\000v\000i\000v\000a\000b\000i\000l\000i\000t\000y\000\040\000I\000n\000d\000e\000x}{section.3}% 9
\BOOKMARK [2][]{subsection.3.3}{\376\377\000D\000y\000n\000a\000m\000i\000c\000\040\000S\000e\000n\000s\000o\000r\000\040\000T\000r\000u\000s\000t\000\040\000M\000a\000t\000r\000i\000x}{section.3}% 10
\BOOKMARK [2][]{subsection.3.4}{\376\377\000A\000F\000K\000F\000\040\000a\000n\000d\000\040\000S\000P\000R\000T\000\040\000S\000e\000n\000s\000o\000r\000\040\000F\000a\000u\000l\000t\000\040\000I\000s\000o\000l\000a\000t\000i\000o\000n}{section.3}% 11
\BOOKMARK [1][]{section.4}{\376\377\0002\0000\000D\000\040\000D\000i\000g\000i\000t\000a\000l\000\040\000T\000w\000i\000n\000,\000\040\000M\000u\000l\000t\000i\000p\000h\000y\000s\000i\000c\000s\000\040\000S\000y\000n\000c\000h\000r\000o\000n\000y\000\040\000\046\000\040\000S\000e\000l\000f\000-\000H\000e\000a\000l\000i\000n\000g}{}% 12
\BOOKMARK [1][]{section.5}{\376\377\000E\000d\000g\000e\000\040\000M\000L\000O\000p\000s\000,\000\040\000C\000y\000b\000e\000r\000s\000e\000c\000u\000r\000i\000t\000y\000\040\000\046\000\040\000R\000e\000g\000u\000l\000a\000t\000o\000r\000y\000\040\000C\000o\000m\000p\000l\000i\000a\000n\000c\000e}{}% 13
\BOOKMARK [1][]{section.6}{\376\377\000E\000x\000p\000e\000r\000i\000m\000e\000n\000t\000a\000l\000\040\000S\000e\000t\000u\000p\000,\000\040\000R\000e\000s\000u\000l\000t\000s\000,\000\040\000a\000n\000d\000\040\000D\000i\000s\000c\000u\000s\000s\000i\000o\000n}{}% 14
\BOOKMARK [2][]{subsection.6.1}{\376\377\000E\000x\000p\000e\000r\000i\000m\000e\000n\000t\000a\000l\000\040\000S\000e\000t\000u\000p}{section.6}% 15
\BOOKMARK [2][]{subsection.6.2}{\376\377\000M\000o\000n\000t\000e\000\040\000C\000a\000r\000l\000o\000\040\000T\000r\000i\000a\000l\000s\000\040\000\050\0002\0000\0000\000\040\000R\000a\000n\000d\000o\000m\000i\000z\000e\000d\000\040\000R\000u\000n\000s\000\051}{section.6}% 16
\BOOKMARK [2][]{subsection.6.3}{\376\377\000S\000u\000b\000s\000y\000s\000t\000e\000m\000\040\000A\000b\000l\000a\000t\000i\000o\000n\000\040\000S\000t\000u\000d\000y}{section.6}% 17
\BOOKMARK [2][]{subsection.6.4}{\376\377\000P\000a\000r\000a\000m\000e\000t\000e\000r\000\040\000S\000e\000n\000s\000i\000t\000i\000v\000i\000t\000y\000\040\000A\000n\000a\000l\000y\000s\000i\000s}{section.6}% 18
\BOOKMARK [2][]{subsection.6.5}{\376\377\000P\000h\000y\000s\000i\000c\000a\000l\000\040\000O\000u\000t\000d\000o\000o\000r\000\040\000F\000l\000i\000g\000h\000t\000\040\000V\000a\000l\000i\000d\000a\000t\000i\000o\000n}{section.6}% 19
\BOOKMARK [1][]{section.7}{\376\377\000H\000u\000m\000a\000n\000-\000A\000u\000t\000o\000n\000o\000m\000y\000\040\000T\000e\000a\000m\000i\000n\000g\000\040\000\046\000\040\000E\000x\000p\000l\000a\000i\000n\000a\000b\000i\000l\000i\000t\000y}{}% 20
\BOOKMARK [1][]{section.8}{\376\377\000C\000o\000n\000c\000l\000u\000s\000i\000o\000n\000\040\000a\000n\000d\000\040\000F\000u\000t\000u\000r\000e\000\040\000W\000o\000r\000k}{}% 21
\BOOKMARK [1][]{appendix.1.A}{\376\377\000P\000r\000o\000o\000f\000\040\000o\000f\000\040\000L\000y\000a\000p\000u\000n\000o\000v\000\040\000S\000t\000a\000b\000i\000l\000i\000t\000y\000\040\000f\000o\000r\000\040\000D\000S\000-\000M\000P\000C\000\040\000C\000o\000n\000s\000t\000r\000a\000i\000n\000t\000\040\000T\000i\000g\000h\000t\000e\000n\000i\000n\000g}{}% 22
